15:48:54 **** Incremental Build of configuration Debug for project HITSIC_MK66F18_MCUX ****
make -r -j all 
Building file: ../source/dev_control.cpp
Invoking: MCU C++ Compiler
arm-none-eabi-c++ -std=c++17 -DCPU_MK66FX1M0VLQ18 -DCPU_MK66FX1M0VLQ18_cm4 -DFSL_RTOS_BM -DSDK_OS_BAREMETAL -DSDK_DEBUGCONSOLE=1 -DSERIAL_PORT_TYPE_UART=1 -DSERIAL_PORT_TYPE_SWO=0 -DDEBUG_CONSOLE_RX_ENABLE=0 -D__MCUXPRESSO -D__USE_CMSIS -DDEBUG -D__NEWLIB__ -DI2C_RETRY_TIMES=32768 -DUART_RETRY_TIMES=32768 -I"D:\Users\github\Four-Wheeler-4\HITSIC_MK66F18_MCUX\board" -I"D:\Users\github\Four-Wheeler-4\HITSIC_MK66F18_MCUX\component\lists" -I"D:\Users\github\Four-Wheeler-4\HITSIC_MK66F18_MCUX\component\uart" -I"D:\Users\github\Four-Wheeler-4\HITSIC_MK66F18_MCUX\component\osa" -I"D:\Users\github\Four-Wheeler-4\HITSIC_MK66F18_MCUX\component\serial_manager" -I"D:\Users\github\Four-Wheeler-4\HITSIC_MK66F18_MCUX\CMSIS" -I"D:\Users\github\Four-Wheeler-4\HITSIC_MK66F18_MCUX\device" -I"D:\Users\github\Four-Wheeler-4\HITSIC_MK66F18_MCUX\drivers" -I"D:\Users\github\Four-Wheeler-4\HITSIC_MK66F18_MCUX\fatfs\source" -I"D:\Users\github\Four-Wheeler-4\HITSIC_MK66F18_MCUX\fatfs\source\fsl_ram_disk" -I"D:\Users\github\Four-Wheeler-4\HITSIC_MK66F18_MCUX\fatfs\source\fsl_sd_disk" -I"D:\Users\github\Four-Wheeler-4\HITSIC_MK66F18_MCUX\sdmmc\host" -I"D:\Users\github\Four-Wheeler-4\HITSIC_MK66F18_MCUX\sdmmc\inc" -I"D:\Users\github\Four-Wheeler-4\HITSIC_MK66F18_MCUX\sdmmc\osa" -I"D:\Users\github\Four-Wheeler-4\HITSIC_MK66F18_MCUX\source" -I"D:\Users\github\Four-Wheeler-4\HITSIC_MK66F18_MCUX\utilities" -I"D:\Users\github\Four-Wheeler-4\HITSIC_MK66F18_MCUX\HITSIC_Module\utilities" -I"D:\Users\github\Four-Wheeler-4\HITSIC_MK66F18_MCUX\HITSIC_Module\utilities_test" -I"D:\Users\github\Four-Wheeler-4\HITSIC_MK66F18_MCUX\HITSIC_Module\utilities\extlib\CmBacktrace-1.4.0\cm_backtrace" -I"D:\Users\github\Four-Wheeler-4\HITSIC_MK66F18_MCUX\HITSIC_Module\utilities\extlib\EasyFlash-4.0.0\easyflash\inc" -I"D:\Users\github\Four-Wheeler-4\HITSIC_MK66F18_MCUX\HITSIC_Module\utilities\extlib\EasyFlash-4.0.0\easyflash\plugins\types\struct2json\inc" -I"D:\Users\github\Four-Wheeler-4\HITSIC_MK66F18_MCUX\HITSIC_Module\d_mk66f18" -I"D:\Users\github\Four-Wheeler-4\HITSIC_MK66F18_MCUX\HITSIC_Module\d_mk66f18\extlib_port\CmBacktrace-1.4.0\cm_backtrace" -I"D:\Users\github\Four-Wheeler-4\HITSIC_MK66F18_MCUX\HITSIC_Module\d_mk66f18\extlib_port\EasyFlash-4.0.0\easyflash\port" -O0 -fno-common -g3 -Wall -c -ffunction-sections -fdata-sections -ffreestanding -fno-builtin -frtti -fexceptions -fpermissive -fmerge-constants -fmacro-prefix-map="../source/"=. -mcpu=cortex-m4 -mfpu=fpv4-sp-d16 -mfloat-abi=hard -mthumb -D__NEWLIB__ -fstack-usage -MMD -MP -MF"source/dev_control.d" -MT"source/dev_control.o" -MT"source/dev_control.d" -o "source/dev_control.o" "../source/dev_control.cpp"
Finished building: ../source/dev_control.cpp
 
Building target: HITSIC_MK66F18_MCUX.axf
Invoking: MCU C++ Linker
arm-none-eabi-c++ -nostdlib -L"D:\Users\github\Four-Wheeler-4\HITSIC_MK66F18_MCUX\libs" -Xlinker -Map="HITSIC_MK66F18_MCUX.map" -Xlinker --gc-sections -Xlinker -print-memory-usage -Xlinker --sort-section=alignment -Xlinker --cref -mcpu=cortex-m4 -mfpu=fpv4-sp-d16 -mfloat-abi=hard -mthumb -T "HITSIC_MK66F18_MCUX_Debug.ld" -o "HITSIC_MK66F18_MCUX.axf"  ./utilities/fsl_assert.o ./utilities/fsl_debug_console.o ./utilities/fsl_shell.o ./utilities/fsl_str.o  ./startup/startup_mk66f18.o  ./source/dev-EM.o ./source/dev_control.o ./source/image.o ./source/isr.o ./source/main.o ./source/sc_adc.o ./source/sc_ftm.o ./source/sc_host.o ./source/syscalls.o  ./sdmmc/src/fsl_sd.o ./sdmmc/src/fsl_sdmmc_common.o  ./sdmmc/osa/fsl_sdmmc_osa.o  ./sdmmc/host/fsl_sdmmc_host.o  ./fatfs/source/fsl_sd_disk/fsl_sd_disk.o  ./fatfs/source/fsl_ram_disk/fsl_ram_disk.o  ./fatfs/source/diskio.o ./fatfs/source/ff.o ./fatfs/source/ffsystem.o ./fatfs/source/ffunicode.o  ./drivers/fsl_adc16.o ./drivers/fsl_cache.o ./drivers/fsl_clock.o ./drivers/fsl_cmp.o ./drivers/fsl_cmt.o ./drivers/fsl_common.o ./drivers/fsl_crc.o ./drivers/fsl_dac.o ./drivers/fsl_dmamux.o ./drivers/fsl_dspi.o ./drivers/fsl_dspi_edma.o ./drivers/fsl_edma.o ./drivers/fsl_enet.o ./drivers/fsl_ewm.o ./drivers/fsl_flexbus.o ./drivers/fsl_flexcan.o ./drivers/fsl_ftfx_cache.o ./drivers/fsl_ftfx_controller.o ./drivers/fsl_ftfx_flash.o ./drivers/fsl_ftfx_flexnvm.o ./drivers/fsl_ftm.o ./drivers/fsl_gpio.o ./drivers/fsl_i2c.o ./drivers/fsl_i2c_edma.o ./drivers/fsl_llwu.o ./drivers/fsl_lmem_cache.o ./drivers/fsl_lptmr.o ./drivers/fsl_lpuart.o ./drivers/fsl_lpuart_edma.o ./drivers/fsl_pdb.o ./drivers/fsl_pit.o ./drivers/fsl_pmc.o ./drivers/fsl_rcm.o ./drivers/fsl_rnga.o ./drivers/fsl_rtc.o ./drivers/fsl_sai.o ./drivers/fsl_sai_edma.o ./drivers/fsl_sdhc.o ./drivers/fsl_sdramc.o ./drivers/fsl_sim.o ./drivers/fsl_smc.o ./drivers/fsl_sysmpu.o ./drivers/fsl_tpm.o ./drivers/fsl_tsi_v4.o ./drivers/fsl_uart.o ./drivers/fsl_uart_edma.o ./drivers/fsl_vref.o ./drivers/fsl_wdog.o  ./device/system_MK66F18.o  ./component/uart/lpuart_adapter.o  ./component/serial_manager/serial_manager.o ./component/serial_manager/serial_port_uart.o  ./component/osa/fsl_os_abstraction_bm.o  ./component/lists/generic_list.o  ./board/board.o ./board/clock_config.o ./board/peripherals.o ./board/pin_mux.o ./board/sdmmc_config.o  ./HITSIC_Module/utilities/extlib/EasyFlash-4.0.0/easyflash/src/easyflash.o ./HITSIC_Module/utilities/extlib/EasyFlash-4.0.0/easyflash/src/ef_env.o ./HITSIC_Module/utilities/extlib/EasyFlash-4.0.0/easyflash/src/ef_env_legacy.o ./HITSIC_Module/utilities/extlib/EasyFlash-4.0.0/easyflash/src/ef_env_legacy_wl.o ./HITSIC_Module/utilities/extlib/EasyFlash-4.0.0/easyflash/src/ef_iap.o ./HITSIC_Module/utilities/extlib/EasyFlash-4.0.0/easyflash/src/ef_log.o ./HITSIC_Module/utilities/extlib/EasyFlash-4.0.0/easyflash/src/ef_utils.o  ./HITSIC_Module/utilities/extlib/EasyFlash-4.0.0/easyflash/plugins/types/struct2json/src/cJSON.o ./HITSIC_Module/utilities/extlib/EasyFlash-4.0.0/easyflash/plugins/types/struct2json/src/s2j.o  ./HITSIC_Module/utilities/extlib/EasyFlash-4.0.0/easyflash/plugins/types/ef_types.o  ./HITSIC_Module/utilities/extlib/CmBacktrace-1.4.0/cm_backtrace/fault_handler/gcc/cmb_fault.o  ./HITSIC_Module/utilities/extlib/CmBacktrace-1.4.0/cm_backtrace/cm_backtrace.o  ./HITSIC_Module/utilities/app_menu.o ./HITSIC_Module/utilities/app_menu_button.o ./HITSIC_Module/utilities/app_menu_nvm.o ./HITSIC_Module/utilities/app_menu_type.o ./HITSIC_Module/utilities/app_svbmp.o ./HITSIC_Module/utilities/drv_button.o ./HITSIC_Module/utilities/drv_cam_zf9v034.o ./HITSIC_Module/utilities/drv_disp_font.o ./HITSIC_Module/utilities/drv_disp_ssd1306.o ./HITSIC_Module/utilities/drv_disp_st7789.o ./HITSIC_Module/utilities/drv_dmadvp.o ./HITSIC_Module/utilities/drv_ftfx_flash.o ./HITSIC_Module/utilities/drv_imu_invensense.o ./HITSIC_Module/utilities/lib_adrcctrl.o ./HITSIC_Module/utilities/lib_graphic.o ./HITSIC_Module/utilities/lib_graphic_font.o ./HITSIC_Module/utilities/lib_list.o ./HITSIC_Module/utilities/lib_pidctrl.o ./HITSIC_Module/utilities/sys_extint.o ./HITSIC_Module/utilities/sys_pitmgr.o ./HITSIC_Module/utilities/sys_rmcall.o ./HITSIC_Module/utilities/sys_uartmgr.o  ./HITSIC_Module/d_mk66f18/extlib_port/EasyFlash-4.0.0/easyflash/port/ef_port.o  ./HITSIC_Module/d_mk66f18/app_menu_port.o ./HITSIC_Module/d_mk66f18/drv_disp_ssd1306_port.o ./HITSIC_Module/d_mk66f18/drv_dmadvp_port.o ./HITSIC_Module/d_mk66f18/hitsic_common.o ./HITSIC_Module/d_mk66f18/sys_extint_port.o ./HITSIC_Module/d_mk66f18/sys_pitmgr_port.o ./HITSIC_Module/d_mk66f18/sys_uartmgr_port.o   -larm_cortexM4lf_math
Memory region         Used Size  Region Size  %age Used
   PROGRAM_FLASH:      184512 B         1 MB     17.60%
      SRAM_UPPER:      108744 B       192 KB     55.31%
      SRAM_LOWER:          0 GB        64 KB      0.00%
        FLEX_RAM:          0 GB         4 KB      0.00%
Finished building target: HITSIC_MK66F18_MCUX.axf
 
make --no-print-directory post-build
Performing post-build steps
arm-none-eabi-size "HITSIC_MK66F18_MCUX.axf" ; # arm-none-eabi-objcopy -v -O binary "HITSIC_MK66F18_MCUX.axf" "HITSIC_MK66F18_MCUX.bin" ; # checksum -p MK66FX1M0xxx18 -d "HITSIC_MK66F18_MCUX.bin"
   text	   data	    bss	    dec	    hex	filename
 181728	   2784	 105960	 290472	  46ea8	HITSIC_MK66F18_MCUX.axf
 
15:49:13 **** Incremental Build of configuration Debug for project HITSIC_MK66F18_MCUX ****
make -r -j all 
make: Nothing to be done for 'all'.
